Script started on Wed 19 Sep 2018 10:48:24 PM -03
eric009@linuxmc:~$ java
Usage: java [-options] class [args...]
           (to execute a class)
   or  java [-options] -jar jarfile [args...]
           (to execute a jar file)
where options include:
    -d32	  use a 32-bit data model if available
    -d64	  use a 64-bit data model if available
    -server	  to select the "server" VM
    -zero	  to select the "zero" VM
    -dcevm	  to select the "dcevm" VM
                  The default VM is server.

    -cp <class search path of directories and zip/jar files>
    -classpath <class search path of directories and zip/jar files>
                  A : separated list of directories, JAR archives,
                  and ZIP archives to search for class files.
    -D<name>=<value>
                  set a system property
    -verbose:[class|gc|jni]
                  enable verbose output
    -version      print product version and exit
    -version:<value>
                  Warning: this feature is deprecated and will be removed
                  in a future release.
                  require the specified version to run
    -showversion  print product version and continue
    -jre-restrict-search | -no-jre-restrict-search
                  Warning: this feature is deprecated and will be removed
                  in a future release.
                  include/exclude user private JREs in the version search
    -? -help      print this help message
    -X            print help on non-standard options
    -ea[:<packagename>...|:<classname>]
    -enableassertions[:<packagename>...|:<classname>]
                  enable assertions with specified granularity
    -da[:<packagename>...|:<classname>]
    -disableassertions[:<packagename>...|:<classname>]
                  disable assertions with specified granularity
    -esa | -enablesystemassertions
                  enable system assertions
    -dsa | -disablesystemassertions
                  disable system assertions
    -agentlib:<libname>[=<options>]
                  load native agent library <libname>, e.g. -agentlib:hprof
                  see also, -agentlib:jdwp=help and -agentlib:hprof=help
    -agentpath:<pathname>[=<options>]
                  load native agent library by full pathname
    -javaagent:<jarpath>[=<options>]
                  load Java programming language agent, see java.lang.instrument
    -splash:<imagepath>
                  show splash screen with specified image
See http://www.oracle.com/technetwork/java/javase/documentation/index.html for more details.
eric009@linuxmc:~$ print('oi')
bash: syntax error near unexpected token `'oi''
eric009@linuxmc:~$ jvava[K[K[K[Kava script
Error: Could not find or load main class script
eric009@linuxmc:~$ ps
  PID TTY          TIME CMD
 6107 pts/1    00:00:00 bash
 6130 pts/1    00:00:00 ps
eric009@linuxmc:~$ bash
eric009@linuxmc:~$ pts/1
bash: pts/1: No such file or directory
eric009@linuxmc:~$ bash
eric009@linuxmc:~$ 5
5: command not found
eric009@linuxmc:~$ 5+5
5+5: command not found
eric009@linuxmc:~$ python2.7
Python 2.7.12 (default, Nov 20 2017, 18:23:56) 
[GCC 5.4.0 20160609] on linux2
Type "help", "copyright", "credits" or "license" for more information.
>>> print9'09[K[K[K[K('90')
90
>>> exit()
eric009@linuxmc:~$ pythonturtle
pythonturtle: command not found
eric009@linuxmc:~$ python turtle
python: can't open file 'turtle': [Errno 2] No such file or directory
eric009@linuxmc:~$ pythonTurtle
pythonTurtle: command not found
eric009@linuxmc:~$ exit
exit
eric009@linuxmc:~$ exit
exit
eric009@linuxmc:~$ clear
[3;J[H[2Jeric009@linuxmc:~$ exit
exit

Script done on Wed 19 Sep 2018 10:50:46 PM -03
